== PR-53 detection demarre 2026-09-28 20:54:01
pr53_R42_1000_0841_841_w00.tif           841_w00   AUC-sup 0.8001  (encre 337527, fond 1165657, gris 128.2 / 91.3)  sens p99-p50 105.0
pr53_R42_1000_0841_841_w00_reverse.tif   841_w00   AUC-sup 0.5197  (encre 337527, fond 1165657, gris 90.4 / 90.1)  sens p99-p50 95.0
pr53_R43_1000_0841_841_w00.tif           841_w00   AUC-sup 0.7894  (encre 337527, fond 1165657, gris 131.7 / 92.7)  sens p99-p50 106.0
pr53_R43_1000_0841_841_w00_reverse.tif   841_w00   AUC-sup 0.4471  (encre 337527, fond 1165657, gris 87.5 / 92.5)  sens p99-p50 96.0
pr53_R44_1000_0841_841_w00.tif           841_w00   AUC-sup 0.7863  (encre 337527, fond 1165657, gris 141.9 / 101.7)  sens p99-p50 102.0
pr53_R44_1000_0841_841_w00_reverse.tif   841_w00   AUC-sup 0.5231  (encre 337527, fond 1165657, gris 103.5 / 102.9)  sens p99-p50 91.0
pr53_R42_2000_0841_841_w00.tif           841_w00   AUC-sup 0.8035  (encre 337527, fond 1165657, gris 132.5 / 82.4)  sens p99-p50 125.0
pr53_R42_2000_0841_841_w00_reverse.tif   841_w00   AUC-sup 0.5341  (encre 337527, fond 1165657, gris 81.9 / 80.5)  sens p99-p50 113.0
pr53_R43_2000_0841_841_w00.tif           841_w00   AUC-sup 0.7907  (encre 337527, fond 1165657, gris 124.2 / 81.7)  sens p99-p50 121.0
pr53_R43_2000_0841_841_w00_reverse.tif   841_w00   AUC-sup 0.4746  (encre 337527, fond 1165657, gris 78.8 / 81.3)  sens p99-p50 108.0
pr53_R44_2000_0841_841_w00.tif           841_w00   AUC-sup 0.7724  (encre 337527, fond 1165657, gris 131.2 / 90.0)  sens p99-p50 117.0
pr53_R44_2000_0841_841_w00_reverse.tif   841_w00   AUC-sup 0.5469  (encre 337527, fond 1165657, gris 93.4 / 89.1)  sens p99-p50 110.0
pr53_R42_3000_0841_841_w00.tif           841_w00   AUC-sup 0.8211  (encre 337527, fond 1165657, gris 128.9 / 81.1)  sens p99-p50 120.0
pr53_R42_3000_0841_841_w00_reverse.tif   841_w00   AUC-sup 0.5268  (encre 337527, fond 1165657, gris 81.7 / 80.9)  sens p99-p50 107.0
pr53_R43_3000_0841_841_w00.tif           841_w00   AUC-sup 0.7844  (encre 337527, fond 1165657, gris 127.1 / 84.8)  sens p99-p50 114.0
pr53_R43_3000_0841_841_w00_reverse.tif   841_w00   AUC-sup 0.5079  (encre 337527, fond 1165657, gris 84.1 / 84.0)  sens p99-p50 101.0
pr53_R44_3000_0841_841_w00.tif           841_w00   AUC-sup 0.7833  (encre 337527, fond 1165657, gris 134.7 / 90.3)  sens p99-p50 117.0
pr53_R44_3000_0841_841_w00_reverse.tif   841_w00   AUC-sup 0.5228  (encre 337527, fond 1165657, gris 94.1 / 90.8)  sens p99-p50 110.0
pr34_R4_0841_841_w00.tif                 841_w00   AUC-sup 0.8135  (encre 337527, fond 1165657, gris 135.2 / 86.6)  sens p99-p50 118.0
pr34_R4_0841_841_w00_reverse.tif         841_w00   AUC-sup 0.5338  (encre 337527, fond 1165657, gris 87.4 / 85.6)  sens p99-p50 109.0
pr35_R43_0841_841_w00.tif                841_w00   AUC-sup 0.7782  (encre 337527, fond 1165657, gris 131.5 / 88.0)  sens p99-p50 116.0
pr35_R43_0841_841_w00_reverse.tif        841_w00   AUC-sup 0.5047  (encre 337527, fond 1165657, gris 86.6 / 87.3)  sens p99-p50 106.0
pr48_R44_0841_841_w00.tif                841_w00   AUC-sup 0.7984  (encre 337527, fond 1165657, gris 135.6 / 89.7)  sens p99-p50 116.0
pr48_R44_0841_841_w00_reverse.tif        841_w00   AUC-sup 0.5279  (encre 337527, fond 1165657, gris 93.7 / 91.0)  sens p99-p50 110.0
pr53_R42_1000_0841_841_segA.tif          841_segA  AUC-sup 0.7566  (encre 301993, fond 615290, gris 136.8 / 102.3)  sens p99-p50 104.0
pr53_R42_1000_0841_841_segA_reverse.tif  841_segA  AUC-sup 0.5483  (encre 301993, fond 615290, gris 91.9 / 87.2)  sens p99-p50 94.0
pr53_R43_1000_0841_841_segA.tif          841_segA  AUC-sup 0.7697  (encre 301993, fond 615290, gris 137.4 / 98.4)  sens p99-p50 107.0
pr53_R43_1000_0841_841_segA_reverse.tif  841_segA  AUC-sup 0.5244  (encre 301993, fond 615290, gris 92.8 / 89.8)  sens p99-p50 95.0
pr53_R44_1000_0841_841_segA.tif          841_segA  AUC-sup 0.7742  (encre 301993, fond 615290, gris 147.4 / 107.6)  sens p99-p50 103.0
pr53_R44_1000_0841_841_segA_reverse.tif  841_segA  AUC-sup 0.4986  (encre 301993, fond 615290, gris 100.7 / 99.9)  sens p99-p50 93.0
pr53_R42_2000_0841_841_segA.tif          841_segA  AUC-sup 0.7569  (encre 301993, fond 615290, gris 131.5 / 91.1)  sens p99-p50 124.0
pr53_R42_2000_0841_841_segA_reverse.tif  841_segA  AUC-sup 0.5378  (encre 301993, fond 615290, gris 80.9 / 79.1)  sens p99-p50 114.0
pr53_R43_2000_0841_841_segA.tif          841_segA  AUC-sup 0.7594  (encre 301993, fond 615290, gris 127.3 / 86.0)  sens p99-p50 121.0
pr53_R43_2000_0841_841_segA_reverse.tif  841_segA  AUC-sup 0.5113  (encre 301993, fond 615290, gris 77.7 / 76.4)  sens p99-p50 106.0
pr53_R44_2000_0841_841_segA.tif          841_segA  AUC-sup 0.7769  (encre 301993, fond 615290, gris 136.8 / 92.9)  sens p99-p50 119.0
pr53_R44_2000_0841_841_segA_reverse.tif  841_segA  AUC-sup 0.5358  (encre 301993, fond 615290, gris 88.3 / 83.0)  sens p99-p50 113.0
pr53_R42_3000_0841_841_segA.tif          841_segA  AUC-sup 0.7532  (encre 301993, fond 615290, gris 130.6 / 89.9)  sens p99-p50 121.0
pr53_R42_3000_0841_841_segA_reverse.tif  841_segA  AUC-sup 0.5636  (encre 301993, fond 615290, gris 80.1 / 77.6)  sens p99-p50 106.0
pr53_R43_3000_0841_841_segA.tif          841_segA  AUC-sup 0.7725  (encre 301993, fond 615290, gris 132.2 / 90.1)  sens p99-p50 116.0
pr53_R43_3000_0841_841_segA_reverse.tif  841_segA  AUC-sup 0.5560  (encre 301993, fond 615290, gris 83.6 / 79.2)  sens p99-p50 101.0
pr53_R44_3000_0841_841_segA.tif          841_segA  AUC-sup 0.7560  (encre 301993, fond 615290, gris 138.4 / 96.2)  sens p99-p50 118.0
pr53_R44_3000_0841_841_segA_reverse.tif  841_segA  AUC-sup 0.5426  (encre 301993, fond 615290, gris 89.0 / 86.4)  sens p99-p50 111.0
pr34_R4_0841_841_segA.tif                841_segA  AUC-sup 0.7593  (encre 301993, fond 615290, gris 138.4 / 96.1)  sens p99-p50 117.0
pr34_R4_0841_841_segA_reverse.tif        841_segA  AUC-sup 0.5652  (encre 301993, fond 615290, gris 86.8 / 82.6)  sens p99-p50 109.0
pr35_R43_0841_841_segA.tif               841_segA  AUC-sup 0.7727  (encre 301993, fond 615290, gris 139.2 / 95.2)  sens p99-p50 117.0
pr35_R43_0841_841_segA_reverse.tif       841_segA  AUC-sup 0.5595  (encre 301993, fond 615290, gris 86.8 / 82.0)  sens p99-p50 107.0
pr48_R44_0841_841_segA.tif               841_segA  AUC-sup 0.7669  (encre 301993, fond 615290, gris 139.3 / 96.2)  sens p99-p50 118.0
pr48_R44_0841_841_segA_reverse.tif       841_segA  AUC-sup 0.5084  (encre 301993, fond 615290, gris 88.4 / 88.4)  sens p99-p50 111.0
pr53_R42_1000_0841_841_segB.tif          841_segB  AUC-sup 0.7556  (encre 275423, fond 924552, gris 134.0 / 95.5)  sens p99-p50 106.0
pr53_R42_1000_0841_841_segB_reverse.tif  841_segB  AUC-sup 0.6081  (encre 275423, fond 924552, gris 117.7 / 105.9)  sens p99-p50 97.0
pr53_R43_1000_0841_841_segB.tif          841_segB  AUC-sup 0.7461  (encre 275423, fond 924552, gris 125.9 / 91.4)  sens p99-p50 109.0
pr53_R43_1000_0841_841_segB_reverse.tif  841_segB  AUC-sup 0.5644  (encre 275423, fond 924552, gris 110.9 / 103.0)  sens p99-p50 101.0
pr53_R44_1000_0841_841_segB.tif          841_segB  AUC-sup 0.7468  (encre 275423, fond 924552, gris 134.8 / 97.8)  sens p99-p50 104.0
pr53_R44_1000_0841_841_segB_reverse.tif  841_segB  AUC-sup 0.6038  (encre 275423, fond 924552, gris 122.0 / 111.7)  sens p99-p50 96.0
pr53_R42_2000_0841_841_segB.tif          841_segB  AUC-sup 0.7608  (encre 275423, fond 924552, gris 125.7 / 83.5)  sens p99-p50 126.0
pr53_R42_2000_0841_841_segB_reverse.tif  841_segB  AUC-sup 0.6232  (encre 275423, fond 924552, gris 106.1 / 92.9)  sens p99-p50 118.0
pr53_R43_2000_0841_841_segB.tif          841_segB  AUC-sup 0.7656  (encre 275423, fond 924552, gris 121.3 / 81.5)  sens p99-p50 122.0
pr53_R43_2000_0841_841_segB_reverse.tif  841_segB  AUC-sup 0.5922  (encre 275423, fond 924552, gris 101.8 / 92.7)  sens p99-p50 113.0
pr53_R44_2000_0841_841_segB.tif          841_segB  AUC-sup 0.7389  (encre 275423, fond 924552, gris 123.5 / 87.2)  sens p99-p50 120.0
pr53_R44_2000_0841_841_segB_reverse.tif  841_segB  AUC-sup 0.5744  (encre 275423, fond 924552, gris 106.3 / 99.3)  sens p99-p50 113.0
pr53_R42_3000_0841_841_segB.tif          841_segB  AUC-sup 0.7802  (encre 275423, fond 924552, gris 128.5 / 84.0)  sens p99-p50 122.0
pr53_R42_3000_0841_841_segB_reverse.tif  841_segB  AUC-sup 0.5962  (encre 275423, fond 924552, gris 103.4 / 93.4)  sens p99-p50 112.0
pr53_R43_3000_0841_841_segB.tif          841_segB  AUC-sup 0.7885  (encre 275423, fond 924552, gris 128.4 / 84.4)  sens p99-p50 116.0
pr53_R43_3000_0841_841_segB_reverse.tif  841_segB  AUC-sup 0.5771  (encre 275423, fond 924552, gris 106.0 / 98.2)  sens p99-p50 106.0
pr53_R44_3000_0841_841_segB.tif          841_segB  AUC-sup 0.7348  (encre 275423, fond 924552, gris 126.4 / 88.1)  sens p99-p50 122.0
pr53_R44_3000_0841_841_segB_reverse.tif  841_segB  AUC-sup 0.5898  (encre 275423, fond 924552, gris 108.7 / 98.7)  sens p99-p50 114.0
pr34_R4_0841_841_segB.tif                841_segB  AUC-sup 0.7792  (encre 275423, fond 924552, gris 133.0 / 88.9)  sens p99-p50 121.0
pr34_R4_0841_841_segB_reverse.tif        841_segB  AUC-sup 0.6010  (encre 275423, fond 924552, gris 111.2 / 100.5)  sens p99-p50 112.0
pr35_R43_0841_841_segB.tif               841_segB  AUC-sup 0.7757  (encre 275423, fond 924552, gris 131.2 / 87.7)  sens p99-p50 119.0
pr35_R43_0841_841_segB_reverse.tif       841_segB  AUC-sup 0.5889  (encre 275423, fond 924552, gris 111.7 / 102.2)  sens p99-p50 110.0
pr48_R44_0841_841_segB.tif               841_segB  AUC-sup 0.7481  (encre 275423, fond 924552, gris 127.5 / 87.1)  sens p99-p50 120.0
pr48_R44_0841_841_segB_reverse.tif       841_segB  AUC-sup 0.5887  (encre 275423, fond 924552, gris 109.8 / 100.0)  sens p99-p50 112.0
pr53_R42_1000_0009B_0009B.tif            0009B     AUC-sup 0.8402  (encre 618632, fond 2115110, gris 126.6 / 80.6)  sens p99-p50 105.0
pr53_R42_1000_0009B_0009B_reverse.tif    0009B     AUC-sup 0.5604  (encre 618632, fond 2115110, gris 83.1 / 79.0)  sens p99-p50 83.0
pr53_R43_1000_0009B_0009B.tif            0009B     AUC-sup 0.8647  (encre 618632, fond 2115110, gris 124.6 / 74.7)  sens p99-p50 104.0
pr53_R43_1000_0009B_0009B_reverse.tif    0009B     AUC-sup 0.5397  (encre 618632, fond 2115110, gris 75.6 / 73.7)  sens p99-p50 81.0
pr53_R44_1000_0009B_0009B.tif            0009B     AUC-sup 0.8508  (encre 618632, fond 2115110, gris 128.9 / 79.3)  sens p99-p50 103.0
pr53_R44_1000_0009B_0009B_reverse.tif    0009B     AUC-sup 0.5501  (encre 618632, fond 2115110, gris 85.7 / 83.5)  sens p99-p50 75.0
pr53_R42_2000_0009B_0009B.tif            0009B     AUC-sup 0.8031  (encre 618632, fond 2115110, gris 101.8 / 70.4)  sens p99-p50 96.0
pr53_R42_2000_0009B_0009B_reverse.tif    0009B     AUC-sup 0.5322  (encre 618632, fond 2115110, gris 72.4 / 71.1)  sens p99-p50 74.0
pr53_R43_2000_0009B_0009B.tif            0009B     AUC-sup 0.8404  (encre 618632, fond 2115110, gris 119.9 / 70.0)  sens p99-p50 121.0
pr53_R43_2000_0009B_0009B_reverse.tif    0009B     AUC-sup 0.5245  (encre 618632, fond 2115110, gris 69.2 / 68.4)  sens p99-p50 92.0
pr53_R44_2000_0009B_0009B.tif            0009B     AUC-sup 0.8504  (encre 618632, fond 2115110, gris 119.2 / 72.0)  sens p99-p50 109.0
pr53_R44_2000_0009B_0009B_reverse.tif    0009B     AUC-sup 0.5463  (encre 618632, fond 2115110, gris 74.2 / 72.7)  sens p99-p50 78.0
pr53_R42_3000_0009B_0009B.tif            0009B     AUC-sup 0.8468  (encre 618632, fond 2115110, gris 114.0 / 69.3)  sens p99-p50 112.0
pr53_R42_3000_0009B_0009B_reverse.tif    0009B     AUC-sup 0.5000  (encre 618632, fond 2115110, gris 68.8 / 68.8)  sens p99-p50 92.0
pr53_R43_3000_0009B_0009B.tif            0009B     AUC-sup 0.8551  (encre 618632, fond 2115110, gris 120.0 / 71.2)  sens p99-p50 114.0
pr53_R43_3000_0009B_0009B_reverse.tif    0009B     AUC-sup 0.5191  (encre 618632, fond 2115110, gris 70.8 / 70.2)  sens p99-p50 86.0
pr53_R44_3000_0009B_0009B.tif            0009B     AUC-sup 0.8449  (encre 618632, fond 2115110, gris 120.0 / 69.4)  sens p99-p50 120.0
pr53_R44_3000_0009B_0009B_reverse.tif    0009B     AUC-sup 0.5261  (encre 618632, fond 2115110, gris 69.0 / 68.0)  sens p99-p50 93.0
pr34_R4_0009B_0009B.tif                  0009B     AUC-sup 0.8623  (encre 618632, fond 2115110, gris 127.0 / 73.7)  sens p99-p50 113.0
pr34_R4_0009B_0009B_reverse.tif          0009B     AUC-sup 0.5034  (encre 618632, fond 2115110, gris 72.1 / 71.9)  sens p99-p50 92.0
pr35_R43_0009B_0009B.tif                 0009B     AUC-sup 0.8623  (encre 618632, fond 2115110, gris 124.2 / 72.1)  sens p99-p50 116.0
pr35_R43_0009B_0009B_reverse.tif         0009B     AUC-sup 0.5064  (encre 618632, fond 2115110, gris 70.3 / 70.5)  sens p99-p50 87.0
pr48_R44_0009B_0009B.tif                 0009B     AUC-sup 0.8514  (encre 618632, fond 2115110, gris 121.0 / 70.9)  sens p99-p50 115.0
pr48_R44_0009B_0009B_reverse.tif         0009B     AUC-sup 0.5412  (encre 618632, fond 2115110, gris 71.3 / 70.0)  sens p99-p50 89.0
== PR-53 detection fini 2026-09-28 20:56:42
